// Jest Snapshot v1, https://goo.gl/fbAQLP

exports[`RGBInput renders 1`] = `
<body>
  <div>
    <div>
      <label
        for="r"
      >
        r
      </label>
      <input
        id="r"
        max="255"
        min="0"
        step="1"
        type="number"
        value="200"
      />
    </div>
  </div>
</body>
`;
