// Jest Snapshot v1, https://goo.gl/fbAQLP

exports[`SLAlphaInput renders 1`] = `
<body>
  <div>
    <div>
      <label
        for="s"
      >
        s
      </label>
      <input
        id="s"
        max="100"
        min="0"
        step="1"
        type="number"
        value="92"
      />
    </div>
  </div>
</body>
`;
