// Jest Snapshot v1, https://goo.gl/fbAQLP

exports[`NumberInput renders 1`] = `
<body>
  <div>
    <input
      data-testid="label-input"
      max="100"
      min="1"
      step="1"
      type="number"
      value="10"
    />
  </div>
</body>
`;
