// Jest Snapshot v1, https://goo.gl/fbAQLP

exports[`SLAlphaInput basic renders 1`] = `
<NumberInput
  label="S"
  max={100}
  min={0}
  onChange={[Function]}
  theme={Object {}}
  value={92}
/>
`;
