// Jest Snapshot v1, https://goo.gl/fbAQLP

exports[`XYControl renders 1`] = `
<body>
  <div>
    <div
      data-testid="xy"
    >
      <div
        style="top: 10%; left: 0%;"
      />
      <span>
        children
      </span>
    </div>
  </div>
</body>
`;

exports[`XYControl renders isDark 1`] = `
<body>
  <div>
    <div
      data-testid="xy"
    >
      <div
        style="top: 10%; left: 0%;"
      />
      <span>
        children
      </span>
    </div>
  </div>
</body>
`;
